// Jest Snapshot v1, https://goo.gl/fbAQLP

exports[`IntroCard matches snapshot 1`] = `
<section
  class="introCard"
>
  <p>
    
        There are over a hundred named colors in CSS, but they are rarely used.
    
  </p>
   
  <p>
    
        This app helps you to use them more by showing names of colors that are similar to your favorite color. ðŸŽ¨
    
  </p>
</section>
`;
